// Jest Snapshot v1, https://goo.gl/fbAQLP

exports[`Delete.vue component shallow rendering should match a snapshot 1`] = `<modal-stub name="delete" width="100%" height="auto"></modal-stub>`;
