// Jest Snapshot v1, https://goo.gl/fbAQLP

exports[`Response.vue component shallow rendering should match a snapshot 1`] = `<modal-stub name="response" width="100%" height="auto"></modal-stub>`;
