// Jest Snapshot v1, https://goo.gl/fbAQLP

exports[`App.vue component shallow rendering should match a snapshot 1`] = `
<div class="page">
  <div id="app">
    <auth-stub></auth-stub>
    <response-stub></response-stub>
    <header-stub></header-stub>
    <transition-stub name="fade"></transition-stub>
  </div>
</div>
`;
